Bounded authenticated runtime started gap2b-m1er1-45feb228-7eeb-431d-9dc8-e1625eb2ebd8 2026-09-27T03:00:56.771Z
▲ Next.js 16.3.5 (webpack)
- Local:         http://127.0.0.1:3108
- Network:       http://127.0.0.1:3108
✓ Ready in 318ms
✓ Running next.config.ts took 97ms
[eve:dev] ../../../../../../Myeve/node_modules/@vercel/otel/dist/node/index.js (23:28893) [33m[EVAL] [0mUse of direct `eval` function is strongly discouraged as it poses security risks and may cause issues with minification.
[eve:dev]  - Use of direct `eval` here. in ../../../../../../Myeve/node_modules/@vercel/otel/dist/node/index.js at 254579..254583
[eve:dev]  [38;5;240m │[0m 
[eve:dev]  [38;5;240m │[0m [38;5;115mHelp[0m: Consider using indirect eval. For more information, check the documentation: https://rolldown.rs/guide/troubleshooting#avoiding-direct-eval
[eve:dev] server listening at http://127.0.0.1:58649/

○ Compiling /login ...
 GET /login?returnTo=%2Fwork 200 in 6.7s (next.js: 6.5s, proxy.ts: 2ms, application-code: 142ms)
[browser] Uncaught Error: Hydration failed because the server rendered HTML didn't match the client. As a result this tree will be regenerated on the client. This can happen if a SSR-ed Client Component used:

- A server/client branch `if (typeof window !== 'undefined')`.
- Variable input such as `Date.now()` or `Math.random()` which changes each time it's called.
- Date formatting in a user's locale which doesn't match the server.
- External changing data without sending a snapshot of it along with the HTML.
- Invalid HTML tag nesting.

It can also happen if the client has a browser extension installed which messes with the HTML before React loaded.

https://react.dev/link/hydration-mismatch

  ...
    <ErrorBoundary errorComponent={undefined} errorStyles={undefined} errorScripts={undefined}>
      <LoadingBoundary name="login/" loading={null}>
        <HTTPAccessFallbackBoundary notFound={undefined} forbidden={undefined} unauthorized={undefined}>
          <RedirectBoundary>
            <RedirectErrorBoundary router={{...}}>
              <InnerLayoutRouter url="/login?ret..." tree={[...]} params={{}} cacheNode={{rsc:{...}, ...}} ...>
                <SegmentViewNode type="page" pagePath="login/page...">
                  <SegmentTrieNode>
                  <ClientPageRoot Component={function LoginPage} serverProvidedParams={{...}}>
                    <LoginPage params={Promise} searchParams={Promise}>
                      <main className="relative g...">
                        <div>
                        <section className="relative w...">
                          <div>
                          <p>
                          <h1>
                          <p>
                          <form className="mt-8" onSubmit={function submit}>
                            <label>
                            <input>
                            <div
+                             className="mt-2 min-h-5 text-xs text-kumo-danger"
-                             className={null}
+                             aria-live="polite"
-                             aria-live={null}
-                             data-lastpass-icon-root=""
-                             style={{position:"relative",height:"0px",width:"0px",display:"initial",float:"left"}}
                            >
                            <Button type="submit" variant="primary" className="mt-3 w-ful..." disabled={true}>
+                             <button
+                               ref={null}
+                               data-kumo-component="Button"
+                               className="group flex shrink-0 items-center font-medium select-none border-0 shadow-xs..."
+                               disabled={true}
+                               style={{--kumo-button-emphasis-ring:"color-mix(...",--kumo-button-emphasis-bg:"color-mix(...", ...}}
+                               type="submit"
+                             >
-                             <div className="mt-2 min-h-5 text-xs text-kumo-danger" aria-live="polite">
                          ...
                ...
              ...
    ...

    at <unknown> (https://react.dev/link/hydration-mismatch)
    at button (<anonymous>)
    at LoginPage (app/login/page.tsx:111:11)
  109 |             {error}
  110 |           </div>
> 111 |           <Button
      |           ^
  112 |             type="submit"
  113 |             variant="primary"
  114 |             className="mt-3 w-full justify-center"
 GET /login?returnTo=%2Fwork 200 in 19ms (next.js: 1.3ms, proxy.ts: 1.8ms, application-code: 16ms)
 POST /api/auth/login 403 in 777ms (next.js: 756ms, proxy.ts: 3ms, application-code: 18ms)
 GET /login?returnTo=%2Fwork 200 in 40ms (next.js: 21ms, proxy.ts: 2ms, application-code: 17ms)
 GET /login?returnTo=%2Fwork%3Fid%3Dfb5a3dd2-e601-404c-8321-81f44ac2973d 200 in 120ms (next.js: 1.8ms, proxy.ts: 3ms, application-code: 115ms)
 GET /login?returnTo=%2Fwork%3Fid%3Dca197e24-08e4-47a5-9589-b96df35485bb 200 in 20ms (next.js: 1.3ms, proxy.ts: 1.8ms, application-code: 17ms)
 POST /api/auth/login 200 in 9ms (next.js: 1.4ms, proxy.ts: 2ms, application-code: 5ms)
 GET /work?id=ca197e24-08e4-47a5-9589-b96df35485bb 200 in 707ms (next.js: 601ms, proxy.ts: 2ms, application-code: 103ms)
⚠ Fast Refresh had to perform a full reload. Read more: https://nextjs.org/docs/messages/fast-refresh-reload
 GET /api/engineering/work 200 in 1075ms (next.js: 961ms, proxy.ts: 3ms, application-code: 110ms)
 GET /api/engineering/work 200 in 1077ms (next.js: 956ms, proxy.ts: 3ms, application-code: 118ms)
 GET /api/engineering/work/ca197e24-08e4-47a5-9589-b96df35485bb 200 in 1440ms (next.js: 1404ms, proxy.ts: 3ms, application-code: 32ms)
 GET /api/engineering/work/ca197e24-08e4-47a5-9589-b96df35485bb 200 in 1440ms (next.js: 1403ms, proxy.ts: 3ms, application-code: 33ms)
 GET /api/engineering/work 200 in 28ms (next.js: 1.0ms, proxy.ts: 1.8ms, application-code: 25ms)
 GET /api/engineering/work/ca197e24-08e4-47a5-9589-b96df35485bb 200 in 45ms (next.js: 7ms, proxy.ts: 1.8ms, application-code: 36ms)
 PATCH /api/engineering/work/ca197e24-08e4-47a5-9589-b96df35485bb 200 in 37ms (next.js: 14ms, proxy.ts: 3ms, application-code: 20ms)
 GET /api/engineering/work 409 in 41ms (next.js: 2ms, proxy.ts: 3ms, application-code: 35ms)
 GET /api/engineering/work/ca197e24-08e4-47a5-9589-b96df35485bb 409 in 45ms (next.js: 10ms, proxy.ts: 3ms, application-code: 32ms)
 GET /api/engineering/work/ca197e24-08e4-47a5-9589-b96df35485bb 200 in 31ms (next.js: 3ms, proxy.ts: 1.6ms, application-code: 27ms)
 GET /api/engineering/work 200 in 19ms (next.js: 0.7ms, proxy.ts: 1.7ms, application-code: 17ms)
○ Compiling /chat ...
⚠ ../../../../../../Myeve/node_modules/@novnc/novnc/core/util/browser.js
The generated code contains 'async/await' because this module is using "topLevelAwait".
However, your target environment does not appear to support 'async/await'.
As a result, the code may not run as expected or may cause runtime errors.

Import trace for requested module:
../../../../../../Myeve/node_modules/@novnc/novnc/core/util/browser.js
../../../../../../Myeve/node_modules/@novnc/novnc/core/rfb.js
./components/computer-viewer.tsx
./components/computer-workspace.tsx
./app/chat.tsx
[browser] ../../../../../../Myeve/node_modules/@novnc/novnc/core/util/browser.js
The generated code contains 'async/await' because this module is using "topLevelAwait".
However, your target environment does not appear to support 'async/await'.
As a result, the code may not run as expected or may cause runtime errors.

Import trace for requested module:
../../../../../../Myeve/node_modules/@novnc/novnc/core/util/browser.js
../../../../../../Myeve/node_modules/@novnc/novnc/core/rfb.js
./components/computer-viewer.tsx
./components/computer-workspace.tsx
./app/chat.tsx
 GET /chat 200 in 4.9s (next.js: 4.4s, proxy.ts: 2ms, application-code: 517ms)
[browser] ../../../../../../Myeve/node_modules/@novnc/novnc/core/util/browser.js
The generated code contains 'async/await' because this module is using "topLevelAwait".
However, your target environment does not appear to support 'async/await'.
As a result, the code may not run as expected or may cause runtime errors.
⚠ ../../../../../../Myeve/node_modules/@novnc/novnc/core/util/browser.js
The generated code contains 'async/await' because this module is using "topLevelAwait".
However, your target environment does not appear to support 'async/await'.
As a result, the code may not run as expected or may cause runtime errors.

Import trace for requested module:
../../../../../../Myeve/node_modules/@novnc/novnc/core/util/browser.js
../../../../../../Myeve/node_modules/@novnc/novnc/core/rfb.js
./components/computer-viewer.tsx
./components/computer-workspace.tsx
./app/chat.tsx
[browser] ../../../../../../Myeve/node_modules/@novnc/novnc/core/util/browser.js
The generated code contains 'async/await' because this module is using "topLevelAwait".
However, your target environment does not appear to support 'async/await'.
As a result, the code may not run as expected or may cause runtime errors.

Import trace for requested module:
../../../../../../Myeve/node_modules/@novnc/novnc/core/util/browser.js
../../../../../../Myeve/node_modules/@novnc/novnc/core/rfb.js
./components/computer-viewer.tsx
./components/computer-workspace.tsx
./app/chat.tsx
⚠ ../../../../../../Myeve/node_modules/@novnc/novnc/core/util/browser.js
The generated code contains 'async/await' because this module is using "topLevelAwait".
However, your target environment does not appear to support 'async/await'.
As a result, the code may not run as expected or may cause runtime errors.

Import trace for requested module:
../../../../../../Myeve/node_modules/@novnc/novnc/core/util/browser.js
../../../../../../Myeve/node_modules/@novnc/novnc/core/rfb.js
./components/computer-viewer.tsx
./components/computer-workspace.tsx
./app/chat.tsx
 GET /api/commands 200 in 2.5s (next.js: 2.3s, proxy.ts: 8ms, application-code: 247ms)
[browser] ../../../../../../Myeve/node_modules/@novnc/novnc/core/util/browser.js
The generated code contains 'async/await' because this module is using "topLevelAwait".
However, your target environment does not appear to support 'async/await'.
As a result, the code may not run as expected or may cause runtime errors.

Import trace for requested module:
../../../../../../Myeve/node_modules/@novnc/novnc/core/util/browser.js
../../../../../../Myeve/node_modules/@novnc/novnc/core/rfb.js
./components/computer-viewer.tsx
./components/computer-workspace.tsx
./app/chat.tsx
⚠ ../../../../../../Myeve/node_modules/@novnc/novnc/core/util/browser.js
The generated code contains 'async/await' because this module is using "topLevelAwait".
However, your target environment does not appear to support 'async/await'.
As a result, the code may not run as expected or may cause runtime errors.

Import trace for requested module:
../../../../../../Myeve/node_modules/@novnc/novnc/core/util/browser.js
../../../../../../Myeve/node_modules/@novnc/novnc/core/rfb.js
./components/computer-viewer.tsx
./components/computer-workspace.tsx
./app/chat.tsx
 GET /api/task-runs?threadId=273988df-aa5e-457a-8981-2fbcde707f7d 200 in 2.6s (next.js: 2.3s, proxy.ts: 4ms, application-code: 262ms)
 GET /api/models 200 in 3.0s (next.js: 2.3s, proxy.ts: 4ms, application-code: 687ms)
[browser] ../../../../../../Myeve/node_modules/@novnc/novnc/core/util/browser.js
The generated code contains 'async/await' because this module is using "topLevelAwait".
However, your target environment does not appear to support 'async/await'.
As a result, the code may not run as expected or may cause runtime errors.

Import trace for requested module:
../../../../../../Myeve/node_modules/@novnc/novnc/core/util/browser.js
../../../../../../Myeve/node_modules/@novnc/novnc/core/rfb.js
./components/computer-viewer.tsx
./components/computer-workspace.tsx
./app/chat.tsx
⚠ ../../../../../../Myeve/node_modules/@novnc/novnc/core/util/browser.js
The generated code contains 'async/await' because this module is using "topLevelAwait".
However, your target environment does not appear to support 'async/await'.
As a result, the code may not run as expected or may cause runtime errors.

Import trace for requested module:
../../../../../../Myeve/node_modules/@novnc/novnc/core/util/browser.js
../../../../../../Myeve/node_modules/@novnc/novnc/core/rfb.js
./components/computer-viewer.tsx
./components/computer-workspace.tsx
./app/chat.tsx
[browser] ../../../../../../Myeve/node_modules/@novnc/novnc/core/util/browser.js
The generated code contains 'async/await' because this module is using "topLevelAwait".
However, your target environment does not appear to support 'async/await'.
As a result, the code may not run as expected or may cause runtime errors.

Import trace for requested module:
../../../../../../Myeve/node_modules/@novnc/novnc/core/util/browser.js
../../../../../../Myeve/node_modules/@novnc/novnc/core/rfb.js
./components/computer-viewer.tsx
./components/computer-workspace.tsx
./app/chat.tsx
 GET /api/capabilities 200 in 1191ms (next.js: 42ms, proxy.ts: 1061ms, application-code: 88ms)
 GET /api/task-runs?threadId=273988df-aa5e-457a-8981-2fbcde707f7d 200 in 1576ms (next.js: 1060ms, proxy.ts: 383ms, application-code: 134ms)
 GET /api/commands 200 in 181ms (next.js: 88ms, proxy.ts: 5ms, application-code: 88ms)
 GET /chat 200 in 200ms (next.js: 70ms, proxy.ts: 8ms, application-code: 122ms)
⚠ ../../../../../../Myeve/node_modules/@novnc/novnc/core/util/browser.js
The generated code contains 'async/await' because this module is using "topLevelAwait".
However, your target environment does not appear to support 'async/await'.
As a result, the code may not run as expected or may cause runtime errors.

Import trace for requested module:
../../../../../../Myeve/node_modules/@novnc/novnc/core/util/browser.js
../../../../../../Myeve/node_modules/@novnc/novnc/core/rfb.js
./components/computer-viewer.tsx
./components/computer-workspace.tsx
./app/chat.tsx
 GET /api/agents 200 in 368ms (next.js: 6ms, proxy.ts: 158ms, application-code: 203ms)
 GET /api/threads 200 in 1787ms (next.js: 1060ms, proxy.ts: 383ms, application-code: 344ms)
[browser] ../../../../../../Myeve/node_modules/@novnc/novnc/core/util/browser.js
The generated code contains 'async/await' because this module is using "topLevelAwait".
However, your target environment does not appear to support 'async/await'.
As a result, the code may not run as expected or may cause runtime errors.

Import trace for requested module:
../../../../../../Myeve/node_modules/@novnc/novnc/core/util/browser.js
../../../../../../Myeve/node_modules/@novnc/novnc/core/rfb.js
./components/computer-viewer.tsx
./components/computer-workspace.tsx
./app/chat.tsx
⚠ ../../../../../../Myeve/node_modules/@novnc/novnc/core/util/browser.js
The generated code contains 'async/await' because this module is using "topLevelAwait".
However, your target environment does not appear to support 'async/await'.
As a result, the code may not run as expected or may cause runtime errors.

Import trace for requested module:
../../../../../../Myeve/node_modules/@novnc/novnc/core/util/browser.js
../../../../../../Myeve/node_modules/@novnc/novnc/core/rfb.js
./components/computer-viewer.tsx
./components/computer-workspace.tsx
./app/chat.tsx
[browser] ../../../../../../Myeve/node_modules/@novnc/novnc/core/util/browser.js
The generated code contains 'async/await' because this module is using "topLevelAwait".
However, your target environment does not appear to support 'async/await'.
As a result, the code may not run as expected or may cause runtime errors.

Import trace for requested module:
../../../../../../Myeve/node_modules/@novnc/novnc/core/util/browser.js
../../../../../../Myeve/node_modules/@novnc/novnc/core/rfb.js
./components/computer-viewer.tsx
./components/computer-workspace.tsx
./app/chat.tsx
 GET /api/task-runs?threadId=273988df-aa5e-457a-8981-2fbcde707f7d 200 in 1083ms (next.js: 13ms, proxy.ts: 1019ms, application-code: 50ms)
 GET /api/task-runs?threadId=273988df-aa5e-457a-8981-2fbcde707f7d 200 in 88ms (next.js: 1.2ms, proxy.ts: 46ms, application-code: 41ms)
 GET /api/engineering/work 200 in 78ms (next.js: 8ms, proxy.ts: 1.5ms, application-code: 69ms)
 GET /api/threads 200 in 90ms (next.js: 3ms, proxy.ts: 40ms, application-code: 47ms)
 GET /api/engineering/work 200 in 40ms (next.js: 3ms, proxy.ts: 10ms, application-code: 27ms)
 GET /api/models 200 in 404ms (next.js: 4ms, proxy.ts: 46ms, application-code: 354ms)
 GET /api/threads/273988df-aa5e-457a-8981-2fbcde707f7d 404 in 440ms (next.js: 388ms, proxy.ts: 46ms, application-code: 6ms)
 PUT /api/threads/273988df-aa5e-457a-8981-2fbcde707f7d 200 in 1565ms (next.js: 1438ms, proxy.ts: 114ms, application-code: 13ms)
 GET /api/threads/273988df-aa5e-457a-8981-2fbcde707f7d 200 in 8ms (next.js: 2ms, proxy.ts: 1.8ms, application-code: 4ms)
 PUT /api/threads/273988df-aa5e-457a-8981-2fbcde707f7d 200 in 9ms (next.js: 1.8ms, proxy.ts: 2ms, application-code: 5ms)
 GET /api/threads/273988df-aa5e-457a-8981-2fbcde707f7d 200 in 9ms (next.js: 1.8ms, proxy.ts: 1.8ms, application-code: 5ms)
 PUT /api/threads/273988df-aa5e-457a-8981-2fbcde707f7d 200 in 10ms (next.js: 1.4ms, proxy.ts: 2.0ms, application-code: 7ms)
 GET /api/threads/273988df-aa5e-457a-8981-2fbcde707f7d 200 in 7ms (next.js: 1.6ms, proxy.ts: 1.5ms, application-code: 4ms)
 GET /api/threads 200 in 11ms (next.js: 1.1ms, proxy.ts: 2ms, application-code: 8ms)
 GET /api/engineering/work 200 in 26ms (next.js: 5ms, proxy.ts: 2ms, application-code: 19ms)
 GET /api/engineering/work 200 in 7ms (next.js: 0.8ms, proxy.ts: 2ms, application-code: 4ms)
 GET /api/task-runs?threadId=bf76d323-bbbc-494c-8aa6-ec44980a1504 200 in 10ms (next.js: 3ms, proxy.ts: 2ms, application-code: 5ms)
 GET /api/task-runs?threadId=bf76d323-bbbc-494c-8aa6-ec44980a1504 200 in 12ms (next.js: 3ms, proxy.ts: 4ms, application-code: 5ms)
 GET /api/engineering/work 200 in 26ms (next.js: 4ms, proxy.ts: 2ms, application-code: 20ms)
 GET /api/engineering/work 200 in 26ms (next.js: 0.8ms, proxy.ts: 1.7ms, application-code: 24ms)
 GET /api/task-runs?threadId=bf76d323-bbbc-494c-8aa6-ec44980a1504 200 in 14ms (next.js: 1.8ms, proxy.ts: 7ms, application-code: 6ms)
 GET /api/task-runs?threadId=bf76d323-bbbc-494c-8aa6-ec44980a1504 200 in 8ms (next.js: 0.7ms, proxy.ts: 5ms, application-code: 3ms)
 GET /api/engineering/work 200 in 32ms (next.js: 3ms, proxy.ts: 2ms, application-code: 27ms)
 GET /api/task-runs?threadId=bf76d323-bbbc-494c-8aa6-ec44980a1504 200 in 15ms (next.js: 1.3ms, proxy.ts: 7ms, application-code: 6ms)
 GET /api/engineering/work/ca197e24-08e4-47a5-9589-b96df35485bb 200 in 44ms (next.js: 12ms, proxy.ts: 1.7ms, application-code: 30ms)
 GET /api/engineering/work 200 in 34ms (next.js: 1.8ms, proxy.ts: 7ms, application-code: 25ms)
 GET /api/task-runs?threadId=bf76d323-bbbc-494c-8aa6-ec44980a1504 200 in 10ms (next.js: 1.2ms, proxy.ts: 2ms, application-code: 7ms)
 GET /api/engineering/work/ca197e24-08e4-47a5-9589-b96df35485bb 200 in 40ms (next.js: 5ms, proxy.ts: 4ms, application-code: 31ms)
 GET /api/task-runs?threadId=bf76d323-bbbc-494c-8aa6-ec44980a1504 200 in 6ms (next.js: 0.7ms, proxy.ts: 1.7ms, application-code: 3ms)
 GET /api/threads 200 in 9ms (next.js: 0.8ms, proxy.ts: 3ms, application-code: 5ms)
 GET /api/engineering/work 200 in 26ms (next.js: 1.6ms, proxy.ts: 4ms, application-code: 20ms)
 GET /api/task-runs?threadId=bf76d323-bbbc-494c-8aa6-ec44980a1504 200 in 7ms (next.js: 0.9ms, proxy.ts: 1.8ms, application-code: 4ms)
 GET /api/threads/bf76d323-bbbc-494c-8aa6-ec44980a1504 404 in 9ms (next.js: 3ms, proxy.ts: 1.5ms, application-code: 5ms)
 PUT /api/threads/bf76d323-bbbc-494c-8aa6-ec44980a1504 200 in 17ms (next.js: 1.8ms, proxy.ts: 2ms, application-code: 12ms)
 PUT /api/threads/bf76d323-bbbc-494c-8aa6-ec44980a1504 200 in 10ms (next.js: 1.3ms, proxy.ts: 1.4ms, application-code: 7ms)
 GET /api/engineering/work/ca197e24-08e4-47a5-9589-b96df35485bb 200 in 33ms (next.js: 3ms, proxy.ts: 1.5ms, application-code: 28ms)
 PUT /api/threads/bf76d323-bbbc-494c-8aa6-ec44980a1504 200 in 11ms (next.js: 2ms, proxy.ts: 1.3ms, application-code: 7ms)
 GET /api/engineering/work 200 in 27ms (next.js: 1.2ms, proxy.ts: 6ms, application-code: 19ms)
 GET /api/task-runs?threadId=bf76d323-bbbc-494c-8aa6-ec44980a1504 200 in 7ms (next.js: 0.8ms, proxy.ts: 1.7ms, application-code: 4ms)
 GET /api/engineering/work/ca197e24-08e4-47a5-9589-b96df35485bb 200 in 29ms (next.js: 3ms, proxy.ts: 1.9ms, application-code: 25ms)
 GET /api/task-runs?threadId=bf76d323-bbbc-494c-8aa6-ec44980a1504 200 in 7ms (next.js: 0.9ms, proxy.ts: 2ms, application-code: 4ms)
 PUT /api/threads/bf76d323-bbbc-494c-8aa6-ec44980a1504 200 in 10ms (next.js: 3ms, proxy.ts: 1.9ms, application-code: 6ms)
 PUT /api/threads/bf76d323-bbbc-494c-8aa6-ec44980a1504 200 in 12ms (next.js: 3ms, proxy.ts: 2ms, application-code: 7ms)
 GET /api/engineering/work 200 in 21ms (next.js: 0.6ms, proxy.ts: 1.2ms, application-code: 19ms)
 GET /api/task-runs?threadId=bf76d323-bbbc-494c-8aa6-ec44980a1504 200 in 6ms (next.js: 1.0ms, proxy.ts: 2ms, application-code: 3ms)
 GET /api/engineering/work/ca197e24-08e4-47a5-9589-b96df35485bb 200 in 27ms (next.js: 3ms, proxy.ts: 1.6ms, application-code: 23ms)
 GET /api/engineering/work 200 in 16ms (next.js: 0.9ms, proxy.ts: 1.5ms, application-code: 14ms)
 GET /api/task-runs?threadId=bf76d323-bbbc-494c-8aa6-ec44980a1504 200 in 7ms (next.js: 0.8ms, proxy.ts: 1.5ms, application-code: 5ms)
 GET /api/engineering/work/ca197e24-08e4-47a5-9589-b96df35485bb 200 in 29ms (next.js: 3ms, proxy.ts: 1.4ms, application-code: 24ms)
 GET /api/task-runs?threadId=bf76d323-bbbc-494c-8aa6-ec44980a1504 200 in 12ms (next.js: 7ms, proxy.ts: 1.3ms, application-code: 4ms)
 GET /api/threads 200 in 8ms (next.js: 0.7ms, proxy.ts: 1.5ms, application-code: 5ms)
 GET /api/engineering/work 200 in 19ms (next.js: 0.9ms, proxy.ts: 1.6ms, application-code: 16ms)
 GET /api/task-runs?threadId=bf76d323-bbbc-494c-8aa6-ec44980a1504 200 in 6ms (next.js: 0.8ms, proxy.ts: 1.6ms, application-code: 4ms)
 GET /api/engineering/work/ca197e24-08e4-47a5-9589-b96df35485bb 200 in 31ms (next.js: 3ms, proxy.ts: 1.6ms, application-code: 27ms)
 GET /api/engineering/work 200 in 17ms (next.js: 0.8ms, proxy.ts: 1.2ms, application-code: 16ms)
[?25h
