
> eveclaw@0.0.0 typecheck
> turbo run typecheck --force


   • Packages in scope: eve-agent, eveclaw-builder
   • Running typecheck in 2 packages
   • Remote caching disabled

eve-agent:typecheck: cache bypass, force executing d268e8a24b7e5202
eveclaw-builder:typecheck: cache bypass, force executing ddb1ceb60a04bac8
eveclaw-builder:typecheck: 
eveclaw-builder:typecheck: > eveclaw-builder@0.0.0 typecheck
eveclaw-builder:typecheck: > tsc && tsx scripts/check-manifest.ts
eveclaw-builder:typecheck: 
eve-agent:typecheck: 
eve-agent:typecheck: > eve-agent@0.0.0 typecheck
eve-agent:typecheck: > tsc && tsx scripts/check-capability-registry.ts && npm run skills:validate && node --import tsx scripts/check-executor-governance.ts
eve-agent:typecheck: 
eveclaw-builder:typecheck: manifest ok: 160 prunable files, all claimed; template release 262
eve-agent:typecheck: capability registry ok: 148 definitions, 126 authored tools
eve-agent:typecheck: 
eve-agent:typecheck: > eve-agent@0.0.0 skills:validate
eve-agent:typecheck: > node scripts/check-imported-skill-routing.mjs
eve-agent:typecheck: 
eve-agent:typecheck: Imported routing: 93 checks, 50/57 rank one (87.7%).
eve-agent:typecheck: executor governance ok: 725 classified sources; UNKNOWN=0; Routine activation remains disabled

 Tasks:    2 successful, 2 total
Cached:    0 cached, 2 total
  Time:    8.828s 

