✔ synchronized processes cannot oversubscribe last productive dollars or slot (108.363125ms)
✔ UNKNOWN and cancellation races deny subsequent provider dispatch (205.211583ms)
✔ synchronized completion processes cannot exceed final reserve or slot (107.739958ms)
✔ actual writer deaths preserve slots, dollars, UNKNOWN, completion and settlement (570.582792ms)
✔ V2 rejects a plan that cannot fund all productive and completion calls (8.86475ms)
✔ UNKNOWN is a hard Work-level stop across restart, attempt and model changes (7.383834ms)
✔ productive calls cannot take completion reserve and host-only completion transition fences old phase (8.199834ms)
✔ paid operation slots persist across process restart and exact replay cannot dispatch twice (7.306958ms)
✔ reservation, UNKNOWN, cancellation and authority are checked again at paid dispatch (7.224416ms)
✔ concurrent ledger connections share the last operation slot (6.320875ms)
✔ legacy V1 Work budget has no paid admission (6.542292ms)
✔ process loss retains slot and dollars before dispatch, after dispatch, and in completion (7.655458ms)
✔ two completion operations cannot race past protected completion slots or dollars (7.0935ms)
✔ wrong authority, old generation, wrong pricing and phase cannot start paid operation (6.83575ms)
✔ expired pinned pricing is denied at the ledger even after an earlier reservation (5.864041ms)
ℹ tests 15
ℹ suites 0
ℹ pass 15
ℹ fail 0
ℹ cancelled 0
ℹ skipped 0
ℹ todo 0
ℹ duration_ms 1101.972417
