
Running 50 tests using 1 worker

(node:76225) Warning: The 'NO_COLOR' env is ignored due to the 'FORCE_COLOR' env being set.
(Use `node --trace-warnings ...` to show where the warning was created)
  ✓   1 [desktop] › test/agent-native/agent-home.spec.ts:15:1 › persistent agent home shows canonical Work and history with Advanced collapsed (1.4s)
  ✓   2 [desktop] › test/agent-native/agent-home.spec.ts:29:1 › agent home authorization and honest outage recovery (417ms)
  ✓   3 [desktop] › test/agent-native/collaboration.spec.ts:9:1 › handoff evidence stays collapsed and Group status stays honest (386ms)
  ✓   4 [desktop] › test/agent-native/collaboration.spec.ts:17:1 › collaboration authentication and failed refresh are explicit (333ms)
  ✓   5 [desktop] › test/agent-native/responsibilities.spec.ts:12:44 › today shows canonical responsibility records (491ms)
  ✓   6 [desktop] › test/agent-native/responsibilities.spec.ts:12:44 › inbox shows canonical responsibility records (426ms)
  ✓   7 [desktop] › test/agent-native/responsibilities.spec.ts:26:1 › responsibility authentication and reconnect do not show stale status (373ms)
  ✓   8 [desktop] › test/agent-native/routines.spec.ts:10:1 › owner reviews condition and notification with execution gate visible (768ms)
  ✓   9 [desktop] › test/agent-native/routines.spec.ts:27:1 › routine load outage offers retry without claiming monitoring (402ms)
  ✓  10 [desktop] › test/agent-native/visual-ia.spec.ts:32:2 › light Today, live card, profile and creation (2.7s)
  ✓  11 [desktop] › test/agent-native/visual-ia.spec.ts:52:2 › light Room and Routine Monitoring previews (1.6s)
  ✓  12 [desktop] › test/agent-native/visual-ia.spec.ts:63:2 › light Work thread, Result and Needs You (751ms)
  ✓  13 [desktop] › test/agent-native/visual-ia.spec.ts:32:2 › dark Today, live card, profile and creation (2.7s)
  ✓  14 [desktop] › test/agent-native/visual-ia.spec.ts:52:2 › dark Room and Routine Monitoring previews (1.6s)
  ✓  15 [desktop] › test/agent-native/visual-ia.spec.ts:63:2 › dark Work thread, Result and Needs You (814ms)
  ✓  16 [desktop] › test/agent-native/visual-ia.spec.ts:71:1 › single navigation opens canonical Work filters and honest Rooms (542ms)
  ✓  17 [desktop] › test/agent-native/work-thread.spec.ts:20:2 › conversation → canonical Result → Open a pull request (5.1s)
  ✓  18 [desktop] › test/agent-native/work-thread.spec.ts:20:2 › conversation → canonical Result → Push branch only (5.2s)
  ✓  19 [desktop] › test/agent-native/work-thread.spec.ts:20:2 › conversation → canonical Result → Keep private (909ms)
  ✓  20 [desktop] › test/agent-native/work-thread.spec.ts:20:2 › conversation → canonical Result → Reject candidate (963ms)
  ✓  21 [desktop] › test/agent-native/work-thread.spec.ts:42:1 › unsigned, other-thread and fork data cannot reveal Work (112ms)
  ✓  22 [desktop] › test/agent-native/work-thread.spec.ts:48:1 › refresh failure hides decision controls until canonical recovery (465ms)
  ✓  23 [desktop] › test/agent-native/work-thread.spec.ts:60:1 › failed independent review is visible inline without opening Proof (5.1s)
  ✓  24 [desktop] › test/agent-native/work-thread.spec.ts:71:1 › reconnect and a second owner client retain one canonical Work without effects (487ms)
  ✓  25 [desktop] › test/agent-native/work-thread.spec.ts:102:1 › Work settles into Completed without archiving its conversation (984ms)
(node:76627) Warning: The 'NO_COLOR' env is ignored due to the 'FORCE_COLOR' env being set.
(Use `node --trace-warnings ...` to show where the warning was created)
  ✓  26 [390px] › test/agent-native/agent-home.spec.ts:15:1 › persistent agent home shows canonical Work and history with Advanced collapsed (763ms)
  ✓  27 [390px] › test/agent-native/agent-home.spec.ts:29:1 › agent home authorization and honest outage recovery (411ms)
  ✓  28 [390px] › test/agent-native/collaboration.spec.ts:9:1 › handoff evidence stays collapsed and Group status stays honest (363ms)
  ✓  29 [390px] › test/agent-native/collaboration.spec.ts:17:1 › collaboration authentication and failed refresh are explicit (258ms)
  ✓  30 [390px] › test/agent-native/responsibilities.spec.ts:12:44 › today shows canonical responsibility records (462ms)
  ✓  31 [390px] › test/agent-native/responsibilities.spec.ts:12:44 › inbox shows canonical responsibility records (454ms)
  ✓  32 [390px] › test/agent-native/responsibilities.spec.ts:26:1 › responsibility authentication and reconnect do not show stale status (379ms)
  ✓  33 [390px] › test/agent-native/routines.spec.ts:10:1 › owner reviews condition and notification with execution gate visible (690ms)
  ✓  34 [390px] › test/agent-native/routines.spec.ts:27:1 › routine load outage offers retry without claiming monitoring (367ms)
  ✓  35 [390px] › test/agent-native/visual-ia.spec.ts:32:2 › light Today, live card, profile and creation (2.7s)
  ✓  36 [390px] › test/agent-native/visual-ia.spec.ts:52:2 › light Room and Routine Monitoring previews (1.6s)
  ✓  37 [390px] › test/agent-native/visual-ia.spec.ts:63:2 › light Work thread, Result and Needs You (733ms)
  ✓  38 [390px] › test/agent-native/visual-ia.spec.ts:32:2 › dark Today, live card, profile and creation (2.7s)
  ✓  39 [390px] › test/agent-native/visual-ia.spec.ts:52:2 › dark Room and Routine Monitoring previews (1.6s)
  ✓  40 [390px] › test/agent-native/visual-ia.spec.ts:63:2 › dark Work thread, Result and Needs You (735ms)
  ✓  41 [390px] › test/agent-native/visual-ia.spec.ts:71:1 › single navigation opens canonical Work filters and honest Rooms (592ms)
  ✓  42 [390px] › test/agent-native/work-thread.spec.ts:20:2 › conversation → canonical Result → Open a pull request (5.1s)
  ✓  43 [390px] › test/agent-native/work-thread.spec.ts:20:2 › conversation → canonical Result → Push branch only (5.3s)
  ✓  44 [390px] › test/agent-native/work-thread.spec.ts:20:2 › conversation → canonical Result → Keep private (849ms)
  ✓  45 [390px] › test/agent-native/work-thread.spec.ts:20:2 › conversation → canonical Result → Reject candidate (790ms)
  ✓  46 [390px] › test/agent-native/work-thread.spec.ts:42:1 › unsigned, other-thread and fork data cannot reveal Work (106ms)
  ✓  47 [390px] › test/agent-native/work-thread.spec.ts:48:1 › refresh failure hides decision controls until canonical recovery (429ms)
  ✓  48 [390px] › test/agent-native/work-thread.spec.ts:60:1 › failed independent review is visible inline without opening Proof (5.1s)
  ✓  49 [390px] › test/agent-native/work-thread.spec.ts:71:1 › reconnect and a second owner client retain one canonical Work without effects (481ms)
  ✓  50 [390px] › test/agent-native/work-thread.spec.ts:102:1 › Work settles into Completed without archiving its conversation (921ms)

  50 passed (1.2m)
