
Running 50 tests using 1 worker

(node:43561) Warning: The 'NO_COLOR' env is ignored due to the 'FORCE_COLOR' env being set.
(Use `node --trace-warnings ...` to show where the warning was created)
  ✓   1 [desktop] › test/agent-native/agent-home.spec.ts:15:1 › persistent agent home shows canonical Work and history with Advanced collapsed (743ms)
  ✓   2 [desktop] › test/agent-native/agent-home.spec.ts:29:1 › agent home authorization and honest outage recovery (426ms)
  ✓   3 [desktop] › test/agent-native/collaboration.spec.ts:9:1 › handoff evidence stays collapsed and Group status stays honest (415ms)
  ✓   4 [desktop] › test/agent-native/collaboration.spec.ts:17:1 › collaboration authentication and failed refresh are explicit (370ms)
  ✓   5 [desktop] › test/agent-native/responsibilities.spec.ts:12:44 › today shows canonical responsibility records (445ms)
  ✓   6 [desktop] › test/agent-native/responsibilities.spec.ts:12:44 › inbox shows canonical responsibility records (444ms)
  ✓   7 [desktop] › test/agent-native/responsibilities.spec.ts:26:1 › responsibility authentication and reconnect do not show stale status (306ms)
  ✓   8 [desktop] › test/agent-native/routines.spec.ts:10:1 › owner reviews condition and notification with execution gate visible (922ms)
  ✓   9 [desktop] › test/agent-native/routines.spec.ts:27:1 › routine load outage offers retry without claiming monitoring (409ms)
  ✓  10 [desktop] › test/agent-native/visual-ia.spec.ts:32:2 › light Today, live card, profile and creation (2.8s)
  ✓  11 [desktop] › test/agent-native/visual-ia.spec.ts:52:2 › light Room and Routine Monitoring previews (1.7s)
  ✓  12 [desktop] › test/agent-native/visual-ia.spec.ts:63:2 › light Work thread, Result and Needs You (787ms)
  ✓  13 [desktop] › test/agent-native/visual-ia.spec.ts:32:2 › dark Today, live card, profile and creation (2.8s)
  ✓  14 [desktop] › test/agent-native/visual-ia.spec.ts:52:2 › dark Room and Routine Monitoring previews (1.7s)
  ✓  15 [desktop] › test/agent-native/visual-ia.spec.ts:63:2 › dark Work thread, Result and Needs You (733ms)
  ✓  16 [desktop] › test/agent-native/visual-ia.spec.ts:71:1 › single navigation opens canonical Work filters and honest Rooms (577ms)
  ✓  17 [desktop] › test/agent-native/work-thread.spec.ts:20:2 › conversation → canonical Result → Open a pull request (5.2s)
  ✓  18 [desktop] › test/agent-native/work-thread.spec.ts:20:2 › conversation → canonical Result → Push branch only (5.3s)
  ✓  19 [desktop] › test/agent-native/work-thread.spec.ts:20:2 › conversation → canonical Result → Keep private (875ms)
  ✓  20 [desktop] › test/agent-native/work-thread.spec.ts:20:2 › conversation → canonical Result → Reject candidate (964ms)
  ✓  21 [desktop] › test/agent-native/work-thread.spec.ts:42:1 › unsigned, other-thread and fork data cannot reveal Work (123ms)
  ✓  22 [desktop] › test/agent-native/work-thread.spec.ts:48:1 › refresh failure hides decision controls until canonical recovery (492ms)
  ✓  23 [desktop] › test/agent-native/work-thread.spec.ts:60:1 › failed independent review is visible inline without opening Proof (5.1s)
  ✓  24 [desktop] › test/agent-native/work-thread.spec.ts:71:1 › reconnect and a second owner client retain one canonical Work without effects (437ms)
  ✓  25 [desktop] › test/agent-native/work-thread.spec.ts:102:1 › Work settles into Completed without archiving its conversation (920ms)
(node:44163) Warning: The 'NO_COLOR' env is ignored due to the 'FORCE_COLOR' env being set.
(Use `node --trace-warnings ...` to show where the warning was created)
  ✓  26 [390px] › test/agent-native/agent-home.spec.ts:15:1 › persistent agent home shows canonical Work and history with Advanced collapsed (794ms)
  ✓  27 [390px] › test/agent-native/agent-home.spec.ts:29:1 › agent home authorization and honest outage recovery (413ms)
  ✓  28 [390px] › test/agent-native/collaboration.spec.ts:9:1 › handoff evidence stays collapsed and Group status stays honest (328ms)
  ✓  29 [390px] › test/agent-native/collaboration.spec.ts:17:1 › collaboration authentication and failed refresh are explicit (277ms)
  ✓  30 [390px] › test/agent-native/responsibilities.spec.ts:12:44 › today shows canonical responsibility records (450ms)
  ✓  31 [390px] › test/agent-native/responsibilities.spec.ts:12:44 › inbox shows canonical responsibility records (469ms)
  ✓  32 [390px] › test/agent-native/responsibilities.spec.ts:26:1 › responsibility authentication and reconnect do not show stale status (374ms)
  ✓  33 [390px] › test/agent-native/routines.spec.ts:10:1 › owner reviews condition and notification with execution gate visible (696ms)
  ✓  34 [390px] › test/agent-native/routines.spec.ts:27:1 › routine load outage offers retry without claiming monitoring (397ms)
  ✓  35 [390px] › test/agent-native/visual-ia.spec.ts:32:2 › light Today, live card, profile and creation (2.7s)
  ✓  36 [390px] › test/agent-native/visual-ia.spec.ts:52:2 › light Room and Routine Monitoring previews (1.7s)
  ✓  37 [390px] › test/agent-native/visual-ia.spec.ts:63:2 › light Work thread, Result and Needs You (786ms)
  ✓  38 [390px] › test/agent-native/visual-ia.spec.ts:32:2 › dark Today, live card, profile and creation (2.7s)
  ✓  39 [390px] › test/agent-native/visual-ia.spec.ts:52:2 › dark Room and Routine Monitoring previews (1.7s)
  ✓  40 [390px] › test/agent-native/visual-ia.spec.ts:63:2 › dark Work thread, Result and Needs You (729ms)
  ✓  41 [390px] › test/agent-native/visual-ia.spec.ts:71:1 › single navigation opens canonical Work filters and honest Rooms (593ms)
  ✓  42 [390px] › test/agent-native/work-thread.spec.ts:20:2 › conversation → canonical Result → Open a pull request (5.1s)
  ✓  43 [390px] › test/agent-native/work-thread.spec.ts:20:2 › conversation → canonical Result → Push branch only (5.1s)
  ✓  44 [390px] › test/agent-native/work-thread.spec.ts:20:2 › conversation → canonical Result → Keep private (796ms)
  ✓  45 [390px] › test/agent-native/work-thread.spec.ts:20:2 › conversation → canonical Result → Reject candidate (791ms)
  ✓  46 [390px] › test/agent-native/work-thread.spec.ts:42:1 › unsigned, other-thread and fork data cannot reveal Work (109ms)
  ✓  47 [390px] › test/agent-native/work-thread.spec.ts:48:1 › refresh failure hides decision controls until canonical recovery (438ms)
  ✓  48 [390px] › test/agent-native/work-thread.spec.ts:60:1 › failed independent review is visible inline without opening Proof (5.1s)
  ✓  49 [390px] › test/agent-native/work-thread.spec.ts:71:1 › reconnect and a second owner client retain one canonical Work without effects (452ms)
  ✓  50 [390px] › test/agent-native/work-thread.spec.ts:102:1 › Work settles into Completed without archiving its conversation (991ms)

  50 passed (1.2m)
