### Result
["KEYBOARD AFTER CONFLICT\n<nextjs-portal style=\"--nextjs-dev-tools-scale: 1;\"></nextjs-portal>","IMPORT CONFLICTS AND INACTIVE STATE\n- main:\n  - navigation \"Capsule navigation\":\n    - link \"← Knowledge\":\n      - /url: /knowledge\n    - text: MYEVE / MEMORY CAPSULES\n  - paragraph: A considered head start\n  - heading \"Take experience with you.\" [level=1]\n  - paragraph: Choose the context that helps another Eve understand you. Keep account access where it belongs.\n  - complementary \"Authority exclusions\":\n    - strong: This transfers selected experience, not access.\n    - paragraph: Credentials, connected apps, permissions, and active Work are not included. The destination Eve needs its own connections and permissions.\n  - paragraph: Local qualification · Synthetic Sofie A → independent Sofie B. This workspace tests the full review journey without using your live Memory.\n  - group \"Capsule operation\":\n    - button \"Create Capsule\"\n    - button \"Import Capsule\" [pressed]\n  - region \"Capsule import\":\n    - paragraph: 01 / Inspect a Capsule\n    - heading \"A fresh start, with context\" [level=2]\n    - paragraph: Choose a Capsule from an owner you trust. Its checksum detects changes; it does not authenticate the sender.\n    - text: Capsule file\n    - button \"Capsule file Up to 1 MiB · formats 1.0 and 1.1 · text-only content\"\n    - text: Up to 1 MiB · formats 1.0 and 1.1 · text-only content\n    - region \"Import preview\":\n      - paragraph: 02 / Choose what to retain\n      - heading \"Review incoming experience\" [level=2]\n      - paragraph: \"Source: sofie-a (unverified) · format 1.1 Destination: sofie-b · private\"\n      - strong: \"1\"\n      - text: new\n      - strong: \"0\"\n      - text: duplicate\n      - strong: \"1\"\n      - text: conflict\n      - strong: \"0\"\n      - text: unsupported\n      - group \"Import decisions\":\n        - text: Import decisions\n        - article:\n          - heading \"Release notes Skill\" [level=3]\n          - text: new\n          - paragraph: Retained for destination qualification; no behavior or tools are enabled.\n          - strong: Incoming · v1.0.0\n          - paragraph: Describe the customer-visible change and its validation evidence.\n          - paragraph: \"Scope: owner → agent: sofie-b Source: source-release-notes · revision revision-1 Destination qualification required. No automatic activation.\"\n          - text: Decision for Release notes Skill\n          - combobox \"Decision for Release notes Skill\":\n            - option \"Do not import\"\n            - option \"Include in reviewed import\" [selected]\n        - article:\n          - heading \"Concise project updates\" [level=3]\n          - text: conflict\n          - paragraph: Destination information differs. Keep it, or retain the incoming version for later correction review.\n          - strong: Existing · v1.1.0\n          - paragraph: \"Use the newer destination preference: an evidence table and next step.\"\n          - strong: Incoming · v1.0.0\n          - paragraph: Use a short summary, evidence, and one next step.\n          - paragraph: \"Scope: owner → agent: sofie-b Source: source-response-style · revision revision-1 Retained as untrusted imported context.\"\n          - text: Decision for Concise project updates\n          - combobox \"Decision for Concise project updates\":\n            - option \"Keep destination information\" [selected]\n            - option \"Retain incoming for correction review\"\n            - option \"Skip\"\n      - note \"Activation state\": Saving a review does not replace Current Truth, install Skills, activate Roles or Packs, or promote learning.\n      - button \"Save reviewed import\"\n  - text: Experience can transfer. Authority cannot. Private by default · Explicit selection · No automatic activation","ACTIVATION STATE\nSaving a review does not replace Current Truth, install Skills, activate Roles or Packs, or promote learning.","SAVED INACTIVE REVIEW\n- main:\n  - navigation \"Capsule navigation\":\n    - link \"← Knowledge\":\n      - /url: /knowledge\n    - text: MYEVE / MEMORY CAPSULES\n  - paragraph: A considered head start\n  - heading \"Take experience with you.\" [level=1]\n  - paragraph: Choose the context that helps another Eve understand you. Keep account access where it belongs.\n  - complementary \"Authority exclusions\":\n    - strong: This transfers selected experience, not access.\n    - paragraph: Credentials, connected apps, permissions, and active Work are not included. The destination Eve needs its own connections and permissions.\n  - paragraph: Local qualification · Synthetic Sofie A → independent Sofie B. This workspace tests the full review journey without using your live Memory.\n  - status: 1 items retained. Review saved. Current Truth is unchanged; Skills and behavior remain inactive until destination qualification.\n  - group \"Capsule operation\":\n    - button \"Create Capsule\"\n    - button \"Import Capsule\" [pressed]\n  - region \"Capsule import\":\n    - paragraph: 01 / Inspect a Capsule\n    - heading \"A fresh start, with context\" [level=2]\n    - paragraph: Choose a Capsule from an owner you trust. Its checksum detects changes; it does not authenticate the sender.\n    - text: Capsule file\n    - button \"Capsule file Up to 1 MiB · formats 1.0 and 1.1 · text-only content\"\n    - text: Up to 1 MiB · formats 1.0 and 1.1 · text-only content\n    - button \"Inspect again\"\n  - text: Experience can transfer. Authority cannot. Private by default · Explicit selection · No automatic activation","FOCUS AND ANNOUNCEMENTS\n{\"focus\":\"1 items retained. Review saved. Current Truth is unchanged; Skills and behavior remain inactive until destination qualification.\",\"announcements\":[{\"text\":\"1 items retained. Review saved. Current Truth is unchanged; Skills and behavior remain inactive until destination qualification.\",\"busyAncestor\":false}]}"]
### Ran Playwright code
```js
await (async (page) => {
  const report = [];
  await page.getByRole('button',{name:'Review for Sofie B',exact:true}).click();
  await page.getByRole('heading',{name:'Review incoming experience',exact:true}).waitFor();
  await page.waitForFunction(()=>document.activeElement?.textContent==='Review incoming experience');
  const focus=await page.evaluate(()=>document.activeElement?.textContent);
  if(focus!=='Review incoming experience') throw new Error('Import heading not focused');
  const conflict=page.getByRole('combobox',{name:'Decision for Concise project updates',exact:true});
  if(await conflict.inputValue()!=='keep_existing') throw new Error('Conflict is not safe by default');
  const described=await conflict.getAttribute('aria-describedby');
  if(!described || !await page.locator('[id="'+described+'"]').textContent()) throw new Error('Conflict explanation missing');
  await conflict.focus(); await page.keyboard.press('Tab');
  const keyboardTarget=await page.evaluate(()=>document.activeElement?.outerHTML);
  report.push('KEYBOARD AFTER CONFLICT\n'+keyboardTarget);
  const skill=page.getByRole('combobox',{name:'Decision for Release notes Skill',exact:true});
  await skill.selectOption('include'); await skill.focus(); await page.keyboard.press('Tab');
  if(await skill.inputValue()!=='include') throw new Error('Labeled Skill choice failed');
  report.push('IMPORT CONFLICTS AND INACTIVE STATE\n'+await page.locator('main').ariaSnapshot());
  report.push('ACTIVATION STATE\n'+await page.getByRole('note',{name:'Activation state',exact:true}).innerText());
  await page.setViewportSize({width:390,height:844});
  if(await page.evaluate(()=>document.documentElement.scrollWidth>innerWidth)) throw new Error('Mobile import overflow');
  await page.screenshot({path:'output/playwright/capsules/integration-mobile-conflicts.png',fullPage:true});
  await page.setViewportSize({width:1440,height:1000});
  await page.screenshot({path:'output/playwright/capsules/integration-desktop-conflicts.png',fullPage:true});
  await page.getByRole('button',{name:'Save reviewed import',exact:true}).click();
  await page.getByRole('status').filter({hasText:'1 items retained'}).waitFor();
  report.push('SAVED INACTIVE REVIEW\n'+await page.locator('main').ariaSnapshot());
  await page.waitForFunction(()=>document.activeElement?.textContent?.includes('1 items retained'));
  const state=await page.evaluate(()=>({focus:document.activeElement?.textContent,announcements:[...document.querySelectorAll('[role=status]')].map(n=>({text:n.textContent,busyAncestor:!!n.closest('[aria-busy=true]')}))}));
  report.push('FOCUS AND ANNOUNCEMENTS\n'+JSON.stringify(state));
  if(!state.focus?.includes('1 items retained') || state.announcements.some(s=>s.busyAncestor)) throw new Error('Status focus or live-region regression');
  return report;
}
)(page);
```
