
Running 32 tests using 1 worker

(node:82939) Warning: The 'NO_COLOR' env is ignored due to the 'FORCE_COLOR' env being set.
(Use `node --trace-warnings ...` to show where the warning was created)
  ✓   1 [desktop] › apps/eve/test/private-alpha/product.spec.ts:203:1 › product destinations and source states (2.9s)
  ✓   2 [desktop] › apps/eve/test/private-alpha/product.spec.ts:225:1 › exact approval and bounded history (688ms)
  ✓   3 [desktop] › apps/eve/test/private-alpha/product.spec.ts:257:1 › artifact link mounts revision workspace (804ms)
  ✓   4 [desktop] › apps/eve/test/private-alpha/product.spec.ts:273:1 › search cancellation, source errors, and command keyboard flow (1.1s)
  ✓   5 [desktop] › apps/eve/test/private-alpha/product.spec.ts:313:1 › disconnected contract preview never performs a write (603ms)
  ✓   6 [desktop] › apps/eve/test/private-alpha/product.spec.ts:335:1 › outage and empty states do not claim success (481ms)
  ✓   7 [desktop] › apps/eve/test/private-alpha/product.spec.ts:356:1 › late search responses cannot replace the current query (748ms)
  ✓   8 [desktop] › apps/eve/test/private-alpha/work-canvas.spec.ts:81:1 › engineering journey stays in one canvas with inline proof and continuation (2.7s)
  ✓   9 [desktop] › apps/eve/test/private-alpha/work-canvas.spec.ts:156:3 › engineering choice: Push branch only (440ms)
  ✓  10 [desktop] › apps/eve/test/private-alpha/work-canvas.spec.ts:156:3 › engineering choice: Keep private (436ms)
  ✓  11 [desktop] › apps/eve/test/private-alpha/work-canvas.spec.ts:156:3 › engineering choice: Ask for changes (433ms)
  ✓  12 [desktop] › apps/eve/test/private-alpha/work-canvas.spec.ts:182:3 › email result, bounded decision and continuation (1.2s)
  ✓  13 [desktop] › apps/eve/test/private-alpha/work-canvas.spec.ts:182:3 › research result, bounded decision and continuation (1.2s)
  ✓  14 [desktop] › apps/eve/test/private-alpha/work-canvas.spec.ts:182:3 › proactive result, bounded decision and continuation (1.2s)
  ✓  15 [desktop] › apps/eve/test/private-alpha/work-canvas.spec.ts:215:1 › failed checks and expired proposals cannot be confirmed (1.3s)
  ✓  16 [desktop] › apps/eve/test/private-alpha/work-canvas.spec.ts:258:1 › keyboard can choose and confirm; journey switch resets private sample (507ms)
(node:83133) Warning: The 'NO_COLOR' env is ignored due to the 'FORCE_COLOR' env being set.
(Use `node --trace-warnings ...` to show where the warning was created)
  ✓  17 [mobile] › apps/eve/test/private-alpha/product.spec.ts:203:1 › product destinations and source states (2.9s)
  ✓  18 [mobile] › apps/eve/test/private-alpha/product.spec.ts:225:1 › exact approval and bounded history (650ms)
  ✓  19 [mobile] › apps/eve/test/private-alpha/product.spec.ts:257:1 › artifact link mounts revision workspace (769ms)
  ✓  20 [mobile] › apps/eve/test/private-alpha/product.spec.ts:273:1 › search cancellation, source errors, and command keyboard flow (1.1s)
  ✓  21 [mobile] › apps/eve/test/private-alpha/product.spec.ts:313:1 › disconnected contract preview never performs a write (588ms)
  ✓  22 [mobile] › apps/eve/test/private-alpha/product.spec.ts:335:1 › outage and empty states do not claim success (488ms)
  ✓  23 [mobile] › apps/eve/test/private-alpha/product.spec.ts:356:1 › late search responses cannot replace the current query (736ms)
  ✓  24 [mobile] › apps/eve/test/private-alpha/work-canvas.spec.ts:81:1 › engineering journey stays in one canvas with inline proof and continuation (2.5s)
  ✓  25 [mobile] › apps/eve/test/private-alpha/work-canvas.spec.ts:156:3 › engineering choice: Push branch only (447ms)
  ✓  26 [mobile] › apps/eve/test/private-alpha/work-canvas.spec.ts:156:3 › engineering choice: Keep private (436ms)
  ✓  27 [mobile] › apps/eve/test/private-alpha/work-canvas.spec.ts:156:3 › engineering choice: Ask for changes (437ms)
  ✓  28 [mobile] › apps/eve/test/private-alpha/work-canvas.spec.ts:182:3 › email result, bounded decision and continuation (1.2s)
  ✓  29 [mobile] › apps/eve/test/private-alpha/work-canvas.spec.ts:182:3 › research result, bounded decision and continuation (1.2s)
  ✓  30 [mobile] › apps/eve/test/private-alpha/work-canvas.spec.ts:182:3 › proactive result, bounded decision and continuation (1.2s)
  ✓  31 [mobile] › apps/eve/test/private-alpha/work-canvas.spec.ts:215:1 › failed checks and expired proposals cannot be confirmed (1.3s)
  ✓  32 [mobile] › apps/eve/test/private-alpha/work-canvas.spec.ts:258:1 › keyboard can choose and confirm; journey switch resets private sample (492ms)

  32 passed (34.5s)
