
> eveclaw-builder@0.0.0 test
> node --import tsx --test lib/*.test.ts

✔ managed deployment stamps its isolated owner identity while BYO keeps legacy default (0.854125ms)
✔ owner deletion requires exact resource IDs, archive, custody, and authorization (0.729834ms)
✔ an in-progress deletion resumes only with the same authorization digest (0.0735ms)
✔ one tester and project cannot be reserved twice, including email case changes (1.485791ms)
✔ activation requires isolated provenance, health, and a model budget (0.241209ms)
✔ a second Eve cannot claim another Eve's project or database (0.205209ms)
✔ upgrade keeps the original release until backup and new deployment are verified (0.112916ms)
✔ registry is private, atomic, backed up, and rejects concurrent mutations (24.98275ms)
✔ a remote-stage checkpoint survives a later failure (6.749792ms)
✔ pins the exact operator-reviewed Relay signing key (22.664125ms)
✔ stops before project mutation when the key changed (1.927666ms)
✔ rejects a different issuer and unavailable endpoint (0.334ms)
✔ rejects invalid fingerprints before any network request (0.075417ms)
✔ requires a configured public HTTPS origin before fetching (0.136833ms)
✔ a source bundle above Vercel's request cap uploads files by digest (47.277708ms)
ℹ tests 15
ℹ suites 0
ℹ pass 15
ℹ fail 0
ℹ cancelled 0
ℹ skipped 0
ℹ todo 0
ℹ duration_ms 174.653291
